locking Route
Server


Data that blocks navigation was accessed outside of <Suspense>
This delays the entire page from rendering, resulting in a slow user experience. Next.js uses this error to ensure your app loads instantly on every navigation. Uncached data such as fetch(...), cached data with a low expire time, or connection() are all examples of data that only resolve on navigation.

To fix this, you can either:
Provide a fallback UI using <Suspense> around this component. This allows Next.js to stream its contents to the user as soon as it's ready, without blocking the rest of the app.

or
Move the asynchronous await into a Cache Component ("use cache"). This allows Next.js to statically prerender the component as part of the HTML document, so it's instantly visible to the user.

Learn more: https://nextjs.org/docs/messages/blocking-route

Call Stack
13

